// Jest Snapshot v1, https://goo.gl/fbAQLP

exports[`Loot Module render properly 1`] = `ShallowWrapper {}`;
