// Jest Snapshot v1, https://goo.gl/fbAQLP

exports[` Wallet Module render properly 1`] = `ShallowWrapper {}`;
